--- GENERATING 10 DUMMY BILLS ---
Successfully generated 10 test bills (TEST-1001 to TEST-1010).

--- TESTING LR NUMBER BATCH UPDATE ---
Found 10 bills in range to update.
Successfully applied LR numbers to database.

--- VERIFICATION RESULTS ---
TEST-1001  -> LR: LR-500-A
TEST-1002  -> LR: LR-501-A
TEST-1003  -> LR: LR-502-A
TEST-1004  -> LR: LR-503-A
TEST-1005  -> LR: LR-504-A
TEST-1006  -> LR: LR-505-A
TEST-1007  -> LR: LR-506-A
TEST-1008  -> LR: LR-507-A
TEST-1009  -> LR: LR-508-A
TEST-1010  -> LR: LR-509-A

Test completed successfully.
